fmpTime: 2025-08-26 19:10:59
This is a simple FNN model multiples polynomial model with fixed pretrained DPS parameters.Model structure:
ODEModel(
  (net): Sequential(
    (0): Linear(in_features=4, out_features=64, bias=True)
    (1): ReLU()
    (2): Linear(in_features=64, out_features=64, bias=True)
    (3): ReLU()
    (4): Linear(in_features=64, out_features=4, bias=True)
    (5): Tanh()
  )
)MSE: inffnnTime: 2025-08-27 13:12:41
This is a simple FNN model with fixed pretrained DPS parameters.Model structure:
ODEModel(
  (net): Sequential(
    (0): Linear(in_features=4, out_features=64, bias=True)
    (1): ReLU()
    (2): Linear(in_features=64, out_features=64, bias=True)
    (3): ReLU()
    (4): Linear(in_features=64, out_features=4, bias=True)
    (5): Tanh()
  )
)MSE: 0.1235fnnTime: 2025-08-27 13:17:40
This is a simple FNN model with fixed pretrained DPS parameters.Model structure:
ODEModel(
  (net): Sequential(
    (0): Linear(in_features=4, out_features=64, bias=True)
    (1): ReLU()
    (2): Linear(in_features=64, out_features=64, bias=True)
    (3): ReLU()
    (4): Linear(in_features=64, out_features=4, bias=True)
    (5): Tanh()
  )
)MSE: 0.0447fnnTime: 2025-08-27 13:28:31
This is a simple FNN model with fixed pretrained DPS parameters.Model structure:
ODEModel(
  (net): Sequential(
    (0): Linear(in_features=4, out_features=64, bias=True)
    (1): ReLU()
    (2): Linear(in_features=64, out_features=64, bias=True)
    (3): ReLU()
    (4): Linear(in_features=64, out_features=4, bias=True)
    (5): Tanh()
  )
)MSE: 0.0453sfTime: 2025-08-27 15:34:50
This is a simple FNN model with fixed pretrained DPS parameters.Model structure:
ODEModel(
  (net): Sequential(
    (0): Linear(in_features=4, out_features=64, bias=True)
    (1): ReLU()
    (2): Linear(in_features=64, out_features=64, bias=True)
    (3): ReLU()
    (4): Linear(in_features=64, out_features=4, bias=True)
    (5): Tanh()
  )
)MSE: 0.0454sfTime: 2025-08-27 15:46:21
This is a simple FNN model with fixed pretrained DPS parameters.Model structure:
ODEModel(
  (net): Sequential(
    (0): Linear(in_features=4, out_features=64, bias=True)
    (1): ReLU()
    (2): Linear(in_features=64, out_features=64, bias=True)
    (3): ReLU()
    (4): Linear(in_features=64, out_features=4, bias=True)
    (5): Tanh()
  )
)MSE: 7.5681sfTime: 2025-08-27 15:50:18
This is a simple FNN model with fixed pretrained DPS parameters.Model structure:
ODEModel(
  (net): Sequential(
    (0): Linear(in_features=4, out_features=64, bias=True)
    (1): ReLU()
    (2): Linear(in_features=64, out_features=64, bias=True)
    (3): ReLU()
    (4): Linear(in_features=64, out_features=4, bias=True)
    (5): Tanh()
  )
)MSE: 0.0935sfTime: 2025-08-27 16:01:21
This is a simple FNN model with fixed pretrained DPS parameters.Model structure:
ODEModel(
  (net): Sequential(
    (0): Linear(in_features=4, out_features=64, bias=True)
    (1): ReLU()
    (2): Linear(in_features=64, out_features=64, bias=True)
    (3): ReLU()
    (4): Linear(in_features=64, out_features=4, bias=True)
    (5): Tanh()
  )
)MSE: 0.0440sfTime: 2025-08-27 16:04:36
This is a simple FNN model with fixed pretrained DPS parameters.Model structure:
ODEModel(
  (net): Sequential(
    (0): Linear(in_features=4, out_features=64, bias=True)
    (1): ReLU()
    (2): Linear(in_features=64, out_features=64, bias=True)
    (3): ReLU()
    (4): Linear(in_features=64, out_features=4, bias=True)
    (5): Tanh()
  )
)MSE: 0.0432sfTime: 2025-08-27 16:07:44
This is a simple FNN model with fixed pretrained DPS parameters.Model structure:
ODEModel(
  (net): Sequential(
    (0): Linear(in_features=4, out_features=64, bias=True)
    (1): ReLU()
    (2): Linear(in_features=64, out_features=64, bias=True)
    (3): ReLU()
    (4): Linear(in_features=64, out_features=4, bias=True)
    (5): Tanh()
  )
)MSE: 0.0430fmpTime: 2025-08-27 16:22:26
This is a simple FNN model multiples polynomial model with fixed pretrained DPS parameters.Model structure:
ODEModel(
  (net): Sequential(
    (0): Linear(in_features=4, out_features=64, bias=True)
    (1): ReLU()
    (2): Linear(in_features=64, out_features=64, bias=True)
    (3): ReLU()
    (4): Linear(in_features=64, out_features=4, bias=True)
    (5): Tanh()
  )
)MSE: 0.0431fmpTime: 2025-08-27 16:31:58
This is a simple FNN model multiples polynomial model with fixed pretrained DPS parameters.Model structure:
ODEModel(
  (net): Sequential(
    (0): Linear(in_features=4, out_features=64, bias=True)
    (1): ReLU()
    (2): Linear(in_features=64, out_features=64, bias=True)
    (3): ReLU()
    (4): Linear(in_features=64, out_features=4, bias=True)
    (5): Tanh()
  )
)MSE: 0.0429fppTime: 2025-08-27 16:55:49
This is a simple FNN model plus polynomial model with fixed pretrained DPS parameters.Model structure:
ODEModel(
  (net): Sequential(
    (0): Linear(in_features=4, out_features=64, bias=True)
    (1): ReLU()
    (2): Linear(in_features=64, out_features=64, bias=True)
    (3): ReLU()
    (4): Linear(in_features=64, out_features=4, bias=True)
    (5): Tanh()
  )
)MSE: 0.0426spTime: 2025-08-27 18:05:21
Polynomial-only model with fixed pretrained DPS parameters.Model structure:
ODEModel()MSE: 0.0421spTime: 2025-08-27 18:20:26
Polynomial-only model with fixed pretrained DPS parameters.Model structure:
ODEModel()MSE: 0.0421sfTime: 2025-08-27 18:23:56
FNN-only model with fixed pretrained DPS parameters.Model structure:
ODEModel(
  (net): Sequential(
    (0): Linear(in_features=4, out_features=64, bias=True)
    (1): ReLU()
    (2): Linear(in_features=64, out_features=64, bias=True)
    (3): ReLU()
    (4): Linear(in_features=64, out_features=4, bias=True)
    (5): Tanh()
  )
)MSE: 0.0431fppTime: 2025-08-30 22:29:57
This is a simple FNN model plus polynomial model with fixed pretrained DPS parameters.Model structure:
ODEModel(
  (net): Sequential(
    (0): Linear(in_features=4, out_features=16, bias=True)
    (1): ReLU()
    (2): Linear(in_features=16, out_features=4, bias=True)
    (3): Tanh()
  )
)MSE: 0.0424fppTime: 2025-08-30 22:41:06
This is a simple FNN model plus polynomial model with fixed pretrained DPS parameters.Model structure:
ODEModel(
  (net): Sequential(
    (0): Linear(in_features=4, out_features=4, bias=True)
    (1): Tanh()
  )
)MSE: 0.0432fppTime: 2025-08-30 22:53:42
This is a simple FNN model plus polynomial model with fixed pretrained DPS parameters.Model structure:
ODEModel(
  (net): Sequential(
    (0): Linear(in_features=4, out_features=1024, bias=True)
    (1): ReLU()
    (2): Linear(in_features=1024, out_features=4, bias=True)
    (3): Tanh()
  )
)MSE: 0.0430fppTime: 2025-08-30 23:08:09
This is a simple FNN model plus polynomial model with fixed pretrained DPS parameters.Model structure:
ODEModel(
  (net): Sequential(
    (0): Linear(in_features=4, out_features=4096, bias=True)
    (1): ReLU()
    (2): Linear(in_features=4096, out_features=4, bias=True)
    (3): Tanh()
  )
)MSE: 0.0436fppTime: 2025-08-31 00:46:07
This is a simple FNN model plus polynomial model with fixed pretrained DPS parameters.Model structure:
ODEModel(
  (net): Sequential(
    (0): Linear(in_features=4, out_features=4096, bias=True)
    (1): ReLU()
    (2): Linear(in_features=4096, out_features=2048, bias=True)
    (3): ReLU()
    (4): Linear(in_features=2048, out_features=4, bias=True)
    (5): Tanh()
  )
)MSE: 0.0438fppTime: 2025-08-31 21:36:48
This is a simple FNN model plus polynomial model with fixed pretrained DPS parameters.Model structure:
ODEModel(
  (net): Sequential(
    (0): Linear(in_features=4, out_features=9102, bias=True)
    (1): ReLU()
    (2): Linear(in_features=9102, out_features=4, bias=True)
    (3): Tanh()
  )
)MSE: 0.0455fpp_wide_specialTime: 2025-08-31 22:20:55
This is a FNN with wide special activation layer plus polynomial model with fixed pretrained DPS parameters.Model structure:
ODEModel(
  (net): Sequential(
    (0): Linear(in_features=4, out_features=8192, bias=True)
    (1): special_activation_layer()
    (2): Linear(in_features=8192, out_features=4, bias=True)
    (3): Tanh()
  )
)MSE: 0.0456fpp_wide_specialTime: 2025-08-31 22:39:44
This is a FNN with wide special activation layer plus polynomial model with fixed pretrained DPS parameters.Model structure:
ODEModel(
  (net): Sequential(
    (0): Linear(in_features=4, out_features=8192, bias=True)
    (1): special_activation_layer()
    (2): Linear(in_features=8192, out_features=4, bias=True)
    (3): Tanh()
  )
)MSE: 0.0455spTime: 2025-09-17 15:56:06
Polynomial-only model with fixed pretrained DPS parameters.Model structure:
ODEModel()MSE: nanspTime: 2025-09-17 16:06:37
Polynomial-only model with fixed pretrained DPS parameters.Model structure:
ODEModel()MSE: 0.0440spTime: 2025-09-17 16:18:18
Polynomial-only model with fixed pretrained DPS parameters.Model structure:
ODEModel()MSE: 0.0464spTime: 2025-09-17 16:27:24
Polynomial-only model with fixed pretrained DPS parameters.Model structure:
ODEModel()MSE: 0.0438spTime: 2025-09-17 16:33:46
Polynomial-only model with fixed pretrained DPS parameters.Model structure:
ODEModel()MSE: 0.0445spTime: 2025-09-17 16:41:05
Polynomial-only model with fixed pretrained DPS parameters.Model structure:
ODEModel()MSE: 0.0442spTime: 2025-09-17 16:58:14
Polynomial-only model with fixed pretrained DPS parameters.Model structure:
ODEModel()MSE: 0.0433spTime: 2025-09-17 17:03:59
Polynomial-only model with fixed pretrained DPS parameters.Model structure:
ODEModel()MSE: 0.0444spTime: 2025-09-17 17:15:34
Polynomial-only model with fixed pretrained DPS parameters.Model structure:
ODEModel()MSE: 0.0442spTime: 2025-09-17 17:27:02
Polynomial-only model with fixed pretrained DPS parameters.Model structure:
ODEModel()MSE: 0.0449spTime: 2025-09-17 17:41:16
Polynomial-only model with fixed pretrained DPS parameters.Model structure:
ODEModel()MSE: 0.0431spTime: 2025-09-17 17:51:10
Polynomial-only model with fixed pretrained DPS parameters.Model structure:
ODEModel()MSE: 0.0432spTime: 2025-09-17 17:53:50
Polynomial-only model with fixed pretrained DPS parameters.Model structure:
ODEModel()MSE: 0.0440spTime: 2025-09-17 18:19:02
Polynomial-only model with fixed pretrained DPS parameters.Model structure:
ODEModel()MSE: nanspTime: 2025-09-17 18:22:19
Polynomial-only model with fixed pretrained DPS parameters.Model structure:
ODEModel()MSE: nanspTime: 2025-09-17 18:26:46
Polynomial-only model with fixed pretrained DPS parameters.Model structure:
ODEModel()MSE: 0.0428spTime: 2025-09-17 18:33:24
Polynomial-only model with fixed pretrained DPS parameters.Model structure:
ODEModel()MSE: 0.0433spTime: 2025-09-17 19:15:02
Polynomial-only model with fixed pretrained DPS parameters.Model structure:
ODEModel()MSE: 0.0485spTime: 2025-09-17 19:26:44
Polynomial-only model with fixed pretrained DPS parameters.Model structure:
ODEModel()MSE: 0.2414spTime: 2025-09-17 19:32:39
Polynomial-only model with fixed pretrained DPS parameters.Model structure:
ODEModel()MSE: 0.0564spTime: 2025-09-17 19:43:48
Polynomial-only model with fixed pretrained DPS parameters.Model structure:
ODEModel()MSE: 0.0773spTime: 2025-09-18 14:50:53
Polynomial-only model with fixed pretrained DPS parameters.Model structure:
ODEModel()MSE: 0.0442spTime: 2025-09-18 14:53:27
Polynomial-only model with fixed pretrained DPS parameters.Model structure:
ODEModel()MSE: 0.0454spTime: 2025-09-18 14:58:48
Polynomial-only model with fixed pretrained DPS parameters.Model structure:
ODEModel()MSE: 0.0455spTime: 2025-09-18 15:03:07
Polynomial-only model with fixed pretrained DPS parameters.Model structure:
ODEModel()MSE: 0.0455spTime: 2025-09-18 15:18:19
Polynomial-only model with fixed pretrained DPS parameters.Model structure:
ODEModel()MSE: 0.0455spTime: 2025-09-18 15:39:53
Polynomial-only model with fixed pretrained DPS parameters.Model structure:
ODEModel()MSE: 0.0455spTime: 2025-09-18 15:51:59
Polynomial-only model with fixed pretrained DPS parameters.Model structure:
ODEModel()MSE: 0.0454spTime: 2025-09-18 16:08:04
Polynomial-only model with fixed pretrained DPS parameters.Model structure:
ODEModel()MSE: 0.0451spTime: 2025-09-18 16:18:49
Polynomial-only model with fixed pretrained DPS parameters.Model structure:
ODEModel()MSE: 1050430889000960.0000spTime: 2025-09-18 21:42:58
Polynomial-only model with fixed pretrained DPS parameters.Model structure:
ODEModel()MSE: nanspTime: 2025-09-18 22:02:04
Polynomial-only model with fixed pretrained DPS parameters.Model structure:
ODEModel()MSE: 1.0634